[analytics] run_started { seed: 777, runNumber: 1, visibleTrait: 'market_prophet' }
[analytics] trait_assigned { traitId: 'market_prophet', visible: true }
[analytics] trait_assigned { traitId: 'carrion_instinct', visible: false }
[analytics] run_started { seed: 777, runNumber: 1, visibleTrait: 'market_prophet' }
[analytics] trait_assigned { traitId: 'market_prophet', visible: true }
[analytics] trait_assigned { traitId: 'carrion_instinct', visible: false }
[analytics] run_started { seed: 777, runNumber: 1, visibleTrait: 'market_prophet' }
[analytics] trait_assigned { traitId: 'market_prophet', visible: true }
[analytics] trait_assigned { traitId: 'carrion_instinct', visible: false }
[analytics] run_started { seed: 888, runNumber: 1, visibleTrait: 'grave_touched' }
[analytics] trait_assigned { traitId: 'grave_touched', visible: true }
[analytics] trait_assigned { traitId: 'pilgrim_debt', visible: false }
[analytics] run_started { seed: 888, runNumber: 1, visibleTrait: 'grave_touched' }
[analytics] trait_assigned { traitId: 'grave_touched', visible: true }
[analytics] trait_assigned { traitId: 'pilgrim_debt', visible: false }
[analytics] dungeon_started { dungeonId: 'abandoned_chapel', cost: 10, completesAt: 1060 }
[analytics] dungeon_started { dungeonId: 'abandoned_chapel', cost: 10, completesAt: 1060 }
[analytics] alignment_shifted { dungeonId: 'abandoned_chapel', delta: 5, newValue: 5 }
[analytics] item_found { itemId: 'cracked_amulet', dungeonId: 'abandoned_chapel' }
[analytics] dungeon_completed {
  dungeonId: 'abandoned_chapel',
  outcome: 'success',
  lootCount: 1,
  gold: 15.579999999999998,
  essence: 4
}
[analytics] alignment_shifted { dungeonId: 'abandoned_chapel', delta: 5, newValue: 5 }
[analytics] item_found { itemId: 'cracked_amulet', dungeonId: 'abandoned_chapel' }
[analytics] dungeon_completed {
  dungeonId: 'abandoned_chapel',
  outcome: 'success',
  lootCount: 1,
  gold: 15.579999999999998,
  essence: 4
}
[analytics] run_started { seed: 123, runNumber: 1, visibleTrait: 'grave_touched' }
[analytics] trait_assigned { traitId: 'grave_touched', visible: true }
[analytics] trait_assigned { traitId: 'saint_eater', visible: false }
[analytics] run_started { seed: 123, runNumber: 1, visibleTrait: 'grave_touched' }
[analytics] trait_assigned { traitId: 'grave_touched', visible: true }
[analytics] trait_assigned { traitId: 'saint_eater', visible: false }
[analytics] run_started { seed: 123, runNumber: 1, visibleTrait: 'grave_touched' }
[analytics] trait_assigned { traitId: 'grave_touched', visible: true }
[analytics] trait_assigned { traitId: 'saint_eater', visible: false }
[analytics] run_started { seed: 123, runNumber: 1, visibleTrait: 'grave_touched' }
[analytics] trait_assigned { traitId: 'grave_touched', visible: true }
[analytics] trait_assigned { traitId: 'saint_eater', visible: false }
[analytics] run_started { seed: 21, runNumber: 1, visibleTrait: 'green_shoot' }
[analytics] trait_assigned { traitId: 'green_shoot', visible: true }
[analytics] trait_assigned { traitId: 'tomb_lexicon', visible: false }
[analytics] run_started { seed: 22, runNumber: 1, visibleTrait: 'lucid_mind' }
[analytics] trait_assigned { traitId: 'lucid_mind', visible: true }
[analytics] trait_assigned { traitId: 'obsessive', visible: false }
[analytics] dungeon_started { dungeonId: 'abandoned_chapel', cost: 10, completesAt: 1060 }
[analytics] alignment_shifted { dungeonId: 'abandoned_chapel', delta: 5, newValue: 5 }
[analytics] item_found { itemId: 'chapel_mace', dungeonId: 'abandoned_chapel' }
[analytics] dungeon_completed {
  dungeonId: 'abandoned_chapel',
  outcome: 'success',
  lootCount: 1,
  gold: 10,
  essence: 5.655
}
[analytics] run_started { seed: 23, runNumber: 1, visibleTrait: 'frail_body' }
[analytics] trait_assigned { traitId: 'frail_body', visible: true }
[analytics] trait_assigned { traitId: 'ashen_vow', visible: false }
[analytics] run_started { seed: 42, runNumber: 1, visibleTrait: 'grave_touched' }
[analytics] trait_assigned { traitId: 'grave_touched', visible: true }
[analytics] trait_assigned { traitId: 'crystalline_will', visible: false }
[analytics] run_started { seed: 7, runNumber: 1, visibleTrait: 'grave_touched' }
[analytics] trait_assigned { traitId: 'grave_touched', visible: true }
[analytics] trait_assigned { traitId: 'marked_by_light', visible: false }
[analytics] run_started { seed: 8, runNumber: 1, visibleTrait: 'market_prophet' }
[analytics] trait_assigned { traitId: 'market_prophet', visible: true }
[analytics] trait_assigned { traitId: 'ledger_of_names', visible: false }
[analytics] run_started { seed: 8, runNumber: 1, visibleTrait: 'market_prophet' }
[analytics] trait_assigned { traitId: 'market_prophet', visible: true }
[analytics] trait_assigned { traitId: 'ledger_of_names', visible: false }
[analytics] run_started { seed: 99, runNumber: 1, visibleTrait: 'green_shoot' }
[analytics] trait_assigned { traitId: 'green_shoot', visible: true }
[analytics] trait_assigned { traitId: 'sorrow_herald', visible: false }
[analytics] dungeon_started { dungeonId: 'abandoned_chapel', cost: 10, completesAt: 1060 }
[analytics] alignment_shifted { dungeonId: 'abandoned_chapel', delta: 5, newValue: 5 }
[analytics] item_found { itemId: 'chapel_token', dungeonId: 'abandoned_chapel' }
[analytics] item_found { itemId: 'maw_of_tithes', dungeonId: 'abandoned_chapel' }
[analytics] dungeon_completed {
  dungeonId: 'abandoned_chapel',
  outcome: 'success',
  lootCount: 2,
  gold: 9,
  essence: 2
}
[analytics] run_started { seed: 3, runNumber: 1, visibleTrait: 'frail_body' }
[analytics] trait_assigned { traitId: 'frail_body', visible: true }
[analytics] trait_assigned { traitId: 'abyss_drawn', visible: false }
[analytics] item_equipped { itemId: 'rusted_blade', slot: 'weapon' }
[analytics] run_started { seed: 4, runNumber: 1, visibleTrait: 'inheritance_of_rot' }
[analytics] trait_assigned { traitId: 'inheritance_of_rot', visible: true }
[analytics] trait_assigned { traitId: 'consecrated_blood', visible: false }
[analytics] talent_unlocked { nodeId: 'spine_0_initiate', cost: 4, essence: 10 }
[analytics] run_started { seed: 5, runNumber: 1, visibleTrait: 'lucid_mind' }
[analytics] trait_assigned { traitId: 'lucid_mind', visible: true }
[analytics] trait_assigned { traitId: 'blood_covenant', visible: false }
[analytics] dungeon_started { dungeonId: 'abandoned_chapel', cost: 10, completesAt: 1060 }
[analytics] alignment_shifted { dungeonId: 'abandoned_chapel', delta: 5, newValue: 5 }
[analytics] item_found { itemId: 'luckspun_tabard', dungeonId: 'abandoned_chapel' }
[analytics] dungeon_completed {
  dungeonId: 'abandoned_chapel',
  outcome: 'success',
  lootCount: 1,
  gold: 10,
  essence: 2.6
}
[analytics] run_died { seed: 5, ageSeconds: 0, ashEarned: 2, deepestDungeon: 0 }
[analytics] run_summary { seed: 5, totalDungeons: 1, bossesCleared: 0, legacyAshEarned: 2 }
[analytics] run_started { seed: 55, runNumber: 1, visibleTrait: 'green_shoot' }
[analytics] trait_assigned { traitId: 'green_shoot', visible: true }
[analytics] trait_assigned { traitId: 'frail_body', visible: false }
[analytics] run_started { seed: 6, runNumber: 1, visibleTrait: 'saint_eater' }
[analytics] trait_assigned { traitId: 'saint_eater', visible: true }
[analytics] trait_assigned { traitId: 'consecrated_blood', visible: false }
[analytics] run_started { seed: 41, runNumber: 1, visibleTrait: 'grave_touched' }
[analytics] trait_assigned { traitId: 'grave_touched', visible: true }
[analytics] trait_assigned { traitId: 'ledger_of_names', visible: false }
[analytics] run_started { seed: 51, runNumber: 1, visibleTrait: 'lucid_mind' }
[analytics] trait_assigned { traitId: 'lucid_mind', visible: true }
[analytics] trait_assigned { traitId: 'tomb_lexicon', visible: false }
[analytics] item_equipped { itemId: 'chapel_token', slot: 'artifact' }
[analytics] run_started { seed: 61, runNumber: 1, visibleTrait: 'obsessive' }
[analytics] trait_assigned { traitId: 'obsessive', visible: true }
[analytics] trait_assigned { traitId: 'saint_eater', visible: false }
[analytics] item_equipped { itemId: 'cracked_amulet', slot: 'artifact' }
[analytics] run_started { seed: 71, runNumber: 1, visibleTrait: 'green_shoot' }
[analytics] trait_assigned { traitId: 'green_shoot', visible: true }
[analytics] trait_assigned { traitId: 'pilgrim_heart', visible: false }
[analytics] run_started { seed: 81, runNumber: 1, visibleTrait: 'lucid_mind' }
[analytics] trait_assigned { traitId: 'lucid_mind', visible: true }
[analytics] trait_assigned { traitId: 'grave_touched', visible: false }
[analytics] run_started { seed: 91, runNumber: 1, visibleTrait: 'market_prophet' }
[analytics] trait_assigned { traitId: 'market_prophet', visible: true }
[analytics] trait_assigned { traitId: 'blood_covenant', visible: false }
[analytics] dungeon_started { dungeonId: 'abandoned_chapel', cost: 10, completesAt: 1060 }
[analytics] alignment_shifted { dungeonId: 'abandoned_chapel', delta: 5, newValue: 44 }
[analytics] item_found { itemId: 'chapel_mace', dungeonId: 'abandoned_chapel' }
[analytics] item_found { itemId: 'chapel_token', dungeonId: 'abandoned_chapel' }
[analytics] dungeon_completed {
  dungeonId: 'abandoned_chapel',
  outcome: 'success',
  lootCount: 2,
  gold: 16.72,
  essence: 3
}
[analytics] run_started { seed: 7, runNumber: 1, visibleTrait: 'grave_touched' }
[analytics] trait_assigned { traitId: 'grave_touched', visible: true }
[analytics] trait_assigned { traitId: 'marked_by_light', visible: false }
[analytics] run_started { seed: 1, runNumber: 1, visibleTrait: 'grave_touched' }
[analytics] trait_assigned { traitId: 'grave_touched', visible: true }
[analytics] trait_assigned { traitId: 'ledger_of_names', visible: false }
[analytics] run_started { seed: 100, runNumber: 1, visibleTrait: 'pilgrim_debt' }
[analytics] trait_assigned { traitId: 'pilgrim_debt', visible: true }
[analytics] trait_assigned { traitId: 'market_prophet', visible: false }
[analytics] dungeon_started { dungeonId: 'abandoned_chapel', cost: 10, completesAt: 1060 }
[analytics] alignment_shifted { dungeonId: 'abandoned_chapel', delta: 5, newValue: 5 }
[analytics] item_found { itemId: 'chapel_mace', dungeonId: 'abandoned_chapel' }
[analytics] dungeon_completed {
  dungeonId: 'abandoned_chapel',
  outcome: 'success',
  lootCount: 1,
  gold: 10,
  essence: 1
}
[analytics] dungeon_started { dungeonId: 'abandoned_chapel', cost: 10, completesAt: 1160 }
[analytics] alignment_shifted { dungeonId: 'abandoned_chapel', delta: 5, newValue: 10 }
[analytics] item_found { itemId: 'rusted_blade', dungeonId: 'abandoned_chapel' }
[analytics] dungeon_completed {
  dungeonId: 'abandoned_chapel',
  outcome: 'success',
  lootCount: 1,
  gold: 17,
  essence: 2
}
[analytics] dungeon_started { dungeonId: 'abandoned_chapel', cost: 10, completesAt: 1260 }
[analytics] alignment_shifted { dungeonId: 'abandoned_chapel', delta: 5, newValue: 15 }
[analytics] item_found { itemId: 'pilgrim_vestments', dungeonId: 'abandoned_chapel' }
[analytics] dungeon_completed {
  dungeonId: 'abandoned_chapel',
  outcome: 'success',
  lootCount: 1,
  gold: 19,
  essence: 1
}
[analytics] dungeon_started { dungeonId: 'abandoned_chapel', cost: 10, completesAt: 1360 }
[analytics] alignment_shifted { dungeonId: 'abandoned_chapel', delta: 5, newValue: 20 }
[analytics] item_found { itemId: 'pilgrim_vestments', dungeonId: 'abandoned_chapel' }
[analytics] dungeon_completed {
  dungeonId: 'abandoned_chapel',
  outcome: 'success',
  lootCount: 1,
  gold: 13,
  essence: 2
}
[analytics] dungeon_started { dungeonId: 'abandoned_chapel', cost: 10, completesAt: 1460 }
[analytics] alignment_shifted { dungeonId: 'abandoned_chapel', delta: 5, newValue: 25 }
[analytics] item_found { itemId: 'luckspun_tabard', dungeonId: 'abandoned_chapel' }
[analytics] dungeon_completed {
  dungeonId: 'abandoned_chapel',
  outcome: 'success',
  lootCount: 1,
  gold: 11,
  essence: 1
}
[analytics] dungeon_started { dungeonId: 'abandoned_chapel', cost: 10, completesAt: 1560 }
[analytics] alignment_shifted { dungeonId: 'abandoned_chapel', delta: 5, newValue: 30 }
[analytics] item_found { itemId: 'chapel_mace', dungeonId: 'abandoned_chapel' }
[analytics] item_found { itemId: 'chapel_mace', dungeonId: 'abandoned_chapel' }
[analytics] dungeon_completed {
  dungeonId: 'abandoned_chapel',
  outcome: 'success',
  lootCount: 2,
  gold: 11,
  essence: 2
}
[analytics] dungeon_started { dungeonId: 'abandoned_chapel', cost: 10, completesAt: 1660 }
[analytics] alignment_shifted { dungeonId: 'abandoned_chapel', delta: 5, newValue: 35 }
[analytics] item_found { itemId: 'chapel_token', dungeonId: 'abandoned_chapel' }
[analytics] item_found { itemId: 'chapel_mace', dungeonId: 'abandoned_chapel' }
[analytics] dungeon_completed {
  dungeonId: 'abandoned_chapel',
  outcome: 'success',
  lootCount: 2,
  gold: 14,
  essence: 2
}
[analytics] dungeon_started { dungeonId: 'abandoned_chapel', cost: 10, completesAt: 1760 }
[analytics] alignment_shifted { dungeonId: 'abandoned_chapel', delta: 5, newValue: 40 }
[analytics] item_found { itemId: 'scribe_charm', dungeonId: 'abandoned_chapel' }
[analytics] dungeon_completed {
  dungeonId: 'abandoned_chapel',
  outcome: 'success',
  lootCount: 1,
  gold: 9,
  essence: 2
}
[analytics] dungeon_started { dungeonId: 'abandoned_chapel', cost: 10, completesAt: 1860 }
[analytics] alignment_shifted { dungeonId: 'abandoned_chapel', delta: 5, newValue: 45 }
[analytics] item_found { itemId: 'lamp_lance', dungeonId: 'abandoned_chapel' }
[analytics] item_found { itemId: 'chapel_mace', dungeonId: 'abandoned_chapel' }
[analytics] dungeon_completed {
  dungeonId: 'abandoned_chapel',
  outcome: 'success',
  lootCount: 2,
  gold: 16,
  essence: 2
}
[analytics] dungeon_started { dungeonId: 'abandoned_chapel', cost: 10, completesAt: 1960 }
[analytics] alignment_shifted { dungeonId: 'abandoned_chapel', delta: 5, newValue: 50 }
[analytics] item_found { itemId: 'sanctum_mail', dungeonId: 'abandoned_chapel' }
[analytics] dungeon_completed {
  dungeonId: 'abandoned_chapel',
  outcome: 'success',
  lootCount: 1,
  gold: 15,
  essence: 1
}
[analytics] dungeon_started { dungeonId: 'abandoned_chapel', cost: 10, completesAt: 2060 }
[analytics] alignment_shifted { dungeonId: 'abandoned_chapel', delta: 5, newValue: 55 }
[analytics] item_found { itemId: 'pilgrim_vestments', dungeonId: 'abandoned_chapel' }
[analytics] dungeon_completed {
  dungeonId: 'abandoned_chapel',
  outcome: 'success',
  lootCount: 1,
  gold: 11,
  essence: 2
}
[analytics] dungeon_started { dungeonId: 'abandoned_chapel', cost: 10, completesAt: 2160 }
[analytics] alignment_shifted { dungeonId: 'abandoned_chapel', delta: 5, newValue: 60 }
[analytics] item_found { itemId: 'chapel_token', dungeonId: 'abandoned_chapel' }
[analytics] dungeon_completed {
  dungeonId: 'abandoned_chapel',
  outcome: 'success',
  lootCount: 1,
  gold: 14,
  essence: 2
}
[analytics] dungeon_started { dungeonId: 'abandoned_chapel', cost: 10, completesAt: 2260 }
[analytics] alignment_shifted { dungeonId: 'abandoned_chapel', delta: 5, newValue: 65 }
[analytics] item_found { itemId: 'gilded_hook', dungeonId: 'abandoned_chapel' }
[analytics] dungeon_completed {
  dungeonId: 'abandoned_chapel',
  outcome: 'success',
  lootCount: 1,
  gold: 14,
  essence: 1
}
[analytics] dungeon_started { dungeonId: 'abandoned_chapel', cost: 10, completesAt: 2360 }
[analytics] alignment_shifted { dungeonId: 'abandoned_chapel', delta: 5, newValue: 70 }
[analytics] item_found { itemId: 'gilded_hook', dungeonId: 'abandoned_chapel' }
[analytics] dungeon_completed {
  dungeonId: 'abandoned_chapel',
  outcome: 'success',
  lootCount: 1,
  gold: 13,
  essence: 4
}
[analytics] dungeon_started { dungeonId: 'abandoned_chapel', cost: 10, completesAt: 2460 }
[analytics] alignment_shifted { dungeonId: 'abandoned_chapel', delta: 5, newValue: 75 }
[analytics] item_found { itemId: 'relic_sovereign', dungeonId: 'abandoned_chapel' }
[analytics] item_found { itemId: 'worn_leathers', dungeonId: 'abandoned_chapel' }
[analytics] dungeon_completed {
  dungeonId: 'abandoned_chapel',
  outcome: 'success',
  lootCount: 2,
  gold: 19,
  essence: 3
}
[analytics] dungeon_started { dungeonId: 'abandoned_chapel', cost: 10, completesAt: 2560 }
[analytics] alignment_shifted { dungeonId: 'abandoned_chapel', delta: 5, newValue: 80 }
[analytics] item_found { itemId: 'chapel_token', dungeonId: 'abandoned_chapel' }
[analytics] dungeon_completed {
  dungeonId: 'abandoned_chapel',
  outcome: 'success',
  lootCount: 1,
  gold: 15,
  essence: 3
}
[analytics] dungeon_started { dungeonId: 'abandoned_chapel', cost: 10, completesAt: 2660 }
[analytics] alignment_shifted { dungeonId: 'abandoned_chapel', delta: 5, newValue: 85 }
[analytics] item_found { itemId: 'chapel_mace', dungeonId: 'abandoned_chapel' }
[analytics] item_found { itemId: 'censer_of_tithes', dungeonId: 'abandoned_chapel' }
[analytics] dungeon_completed {
  dungeonId: 'abandoned_chapel',
  outcome: 'success',
  lootCount: 2,
  gold: 14,
  essence: 1
}
[analytics] dungeon_started { dungeonId: 'abandoned_chapel', cost: 10, completesAt: 2760 }
[analytics] alignment_shifted { dungeonId: 'abandoned_chapel', delta: 5, newValue: 90 }
[analytics] item_found { itemId: 'pilgrim_vestments', dungeonId: 'abandoned_chapel' }
[analytics] dungeon_completed {
  dungeonId: 'abandoned_chapel',
  outcome: 'success',
  lootCount: 1,
  gold: 20,
  essence: 4
}
[analytics] dungeon_started { dungeonId: 'abandoned_chapel', cost: 10, completesAt: 2860 }
[analytics] alignment_shifted { dungeonId: 'abandoned_chapel', delta: 5, newValue: 95 }
[analytics] item_found { itemId: 'bone_throne_mantle', dungeonId: 'abandoned_chapel' }
[analytics] dungeon_completed {
  dungeonId: 'abandoned_chapel',
  outcome: 'success',
  lootCount: 1,
  gold: 15,
  essence: 4
}
[analytics] dungeon_started { dungeonId: 'abandoned_chapel', cost: 10, completesAt: 2960 }
[analytics] alignment_shifted { dungeonId: 'abandoned_chapel', delta: 5, newValue: 100 }
[analytics] item_found { itemId: 'chapel_token', dungeonId: 'abandoned_chapel' }
[analytics] item_found { itemId: 'briar_mail', dungeonId: 'abandoned_chapel' }
[analytics] dungeon_completed {
  dungeonId: 'abandoned_chapel',
  outcome: 'success',
  lootCount: 2,
  gold: 12,
  essence: 3
}
[analytics] dungeon_started { dungeonId: 'abandoned_chapel', cost: 10, completesAt: 3060 }
[analytics] alignment_shifted { dungeonId: 'abandoned_chapel', delta: 5, newValue: 100 }
[analytics] item_found { itemId: 'pilgrim_vestments', dungeonId: 'abandoned_chapel' }
[analytics] item_found { itemId: 'rusted_blade', dungeonId: 'abandoned_chapel' }
[analytics] dungeon_completed {
  dungeonId: 'abandoned_chapel',
  outcome: 'success',
  lootCount: 2,
  gold: 10,
  essence: 2
}
[analytics] dungeon_started { dungeonId: 'abandoned_chapel', cost: 10, completesAt: 3160 }
[analytics] alignment_shifted { dungeonId: 'abandoned_chapel', delta: 5, newValue: 100 }
[analytics] item_found { itemId: 'worn_leathers', dungeonId: 'abandoned_chapel' }
[analytics] dungeon_completed {
  dungeonId: 'abandoned_chapel',
  outcome: 'success',
  lootCount: 1,
  gold: 16,
  essence: 4
}
[analytics] dungeon_started { dungeonId: 'abandoned_chapel', cost: 10, completesAt: 3260 }
[analytics] alignment_shifted { dungeonId: 'abandoned_chapel', delta: 5, newValue: 100 }
[analytics] item_found { itemId: 'fate_coin', dungeonId: 'abandoned_chapel' }
[analytics] item_found { itemId: 'vitality_coil', dungeonId: 'abandoned_chapel' }
[analytics] dungeon_completed {
  dungeonId: 'abandoned_chapel',
  outcome: 'success',
  lootCount: 2,
  gold: 11,
  essence: 4
}
[analytics] dungeon_started { dungeonId: 'abandoned_chapel', cost: 10, completesAt: 3360 }
[analytics] alignment_shifted { dungeonId: 'abandoned_chapel', delta: 5, newValue: 100 }
[analytics] item_found { itemId: 'chapel_mace', dungeonId: 'abandoned_chapel' }
[analytics] item_found { itemId: 'fate_reaper', dungeonId: 'abandoned_chapel' }
[analytics] dungeon_completed {
  dungeonId: 'abandoned_chapel',
  outcome: 'success',
  lootCount: 2,
  gold: 14,
  essence: 2
}
[analytics] dungeon_started { dungeonId: 'abandoned_chapel', cost: 10, completesAt: 3460 }
[analytics] alignment_shifted { dungeonId: 'abandoned_chapel', delta: 5, newValue: 100 }
[analytics] item_found { itemId: 'chapel_mace', dungeonId: 'abandoned_chapel' }
[analytics] dungeon_completed {
  dungeonId: 'abandoned_chapel',
  outcome: 'success',
  lootCount: 1,
  gold: 9,
  essence: 1
}
[analytics] dungeon_started { dungeonId: 'abandoned_chapel', cost: 10, completesAt: 3560 }
[analytics] alignment_shifted { dungeonId: 'abandoned_chapel', delta: 5, newValue: 100 }
[analytics] item_found { itemId: 'chapel_token', dungeonId: 'abandoned_chapel' }
[analytics] dungeon_completed {
  dungeonId: 'abandoned_chapel',
  outcome: 'success',
  lootCount: 1,
  gold: 12,
  essence: 3
}
[analytics] dungeon_started { dungeonId: 'abandoned_chapel', cost: 10, completesAt: 3660 }
[analytics] alignment_shifted { dungeonId: 'abandoned_chapel', delta: 5, newValue: 100 }
[analytics] item_found { itemId: 'chapel_token', dungeonId: 'abandoned_chapel' }
[analytics] dungeon_completed {
  dungeonId: 'abandoned_chapel',
  outcome: 'success',
  lootCount: 1,
  gold: 10,
  essence: 3
}
[analytics] dungeon_started { dungeonId: 'abandoned_chapel', cost: 10, completesAt: 3760 }
[analytics] alignment_shifted { dungeonId: 'abandoned_chapel', delta: 5, newValue: 100 }
[analytics] item_found { itemId: 'chapel_token', dungeonId: 'abandoned_chapel' }
[analytics] dungeon_completed {
  dungeonId: 'abandoned_chapel',
  outcome: 'success',
  lootCount: 1,
  gold: 11,
  essence: 3
}
[analytics] dungeon_started { dungeonId: 'abandoned_chapel', cost: 10, completesAt: 3860 }
[analytics] alignment_shifted { dungeonId: 'abandoned_chapel', delta: 5, newValue: 100 }
[analytics] item_found { itemId: 'pilgrim_vestments', dungeonId: 'abandoned_chapel' }
[analytics] item_found { itemId: 'marrow_pike', dungeonId: 'abandoned_chapel' }
[analytics] dungeon_completed {
  dungeonId: 'abandoned_chapel',
  outcome: 'success',
  lootCount: 2,
  gold: 14,
  essence: 3
}
[analytics] dungeon_started { dungeonId: 'abandoned_chapel', cost: 10, completesAt: 3960 }
[analytics] alignment_shifted { dungeonId: 'abandoned_chapel', delta: 5, newValue: 100 }
[analytics] item_found { itemId: 'chapel_token', dungeonId: 'abandoned_chapel' }
[analytics] dungeon_completed {
  dungeonId: 'abandoned_chapel',
  outcome: 'success',
  lootCount: 1,
  gold: 13,
  essence: 2
}
[analytics] dungeon_started { dungeonId: 'abandoned_chapel', cost: 10, completesAt: 4060 }
[analytics] alignment_shifted { dungeonId: 'abandoned_chapel', delta: 5, newValue: 100 }
[analytics] item_found { itemId: 'ossuary_hatchet', dungeonId: 'abandoned_chapel' }
[analytics] dungeon_completed {
  dungeonId: 'abandoned_chapel',
  outcome: 'success',
  lootCount: 1,
  gold: 11,
  essence: 1
}
[analytics] dungeon_started { dungeonId: 'abandoned_chapel', cost: 10, completesAt: 4160 }
[analytics] alignment_shifted { dungeonId: 'abandoned_chapel', delta: 5, newValue: 100 }
[analytics] item_found { itemId: 'pauper_beads', dungeonId: 'abandoned_chapel' }
[analytics] dungeon_completed {
  dungeonId: 'abandoned_chapel',
  outcome: 'success',
  lootCount: 1,
  gold: 18,
  essence: 4
}
[analytics] dungeon_started { dungeonId: 'abandoned_chapel', cost: 10, completesAt: 4260 }
[analytics] alignment_shifted { dungeonId: 'abandoned_chapel', delta: 5, newValue: 100 }
[analytics] item_found { itemId: 'sanctum_mail', dungeonId: 'abandoned_chapel' }
[analytics] dungeon_completed {
  dungeonId: 'abandoned_chapel',
  outcome: 'success',
  lootCount: 1,
  gold: 19,
  essence: 2
}
[analytics] dungeon_started { dungeonId: 'abandoned_chapel', cost: 10, completesAt: 4360 }
[analytics] alignment_shifted { dungeonId: 'abandoned_chapel', delta: 5, newValue: 100 }
[analytics] item_found { itemId: 'grave_dagger', dungeonId: 'abandoned_chapel' }
[analytics] item_found { itemId: 'marrow_clock', dungeonId: 'abandoned_chapel' }
[analytics] dungeon_completed {
  dungeonId: 'abandoned_chapel',
  outcome: 'success',
  lootCount: 2,
  gold: 18,
  essence: 3
}
[analytics] run_started { seed: 101, runNumber: 1, visibleTrait: 'consecrated_blood' }
[analytics] trait_assigned { traitId: 'consecrated_blood', visible: true }
[analytics] trait_assigned { traitId: 'market_prophet', visible: false }
[analytics] run_started { seed: 102, runNumber: 1, visibleTrait: 'inheritance_of_rot' }
[analytics] trait_assigned { traitId: 'inheritance_of_rot', visible: true }
[analytics] trait_assigned { traitId: 'ashen_vow', visible: false }
[analytics] dungeon_started { dungeonId: 'abandoned_chapel', cost: 10, completesAt: 1060 }
[analytics] alignment_shifted { dungeonId: 'abandoned_chapel', delta: 5, newValue: 10 }
[analytics] item_found { itemId: 'chapel_mace', dungeonId: 'abandoned_chapel' }
[analytics] dungeon_completed {
  dungeonId: 'abandoned_chapel',
  outcome: 'success',
  lootCount: 1,
  gold: 14.96,
  essence: 4
}
[analytics] run_started { seed: 103, runNumber: 1, visibleTrait: 'frail_body' }
[analytics] trait_assigned { traitId: 'frail_body', visible: true }
[analytics] trait_assigned { traitId: 'ashen_vow', visible: false }
[analytics] run_started { seed: 104, runNumber: 1, visibleTrait: 'green_shoot' }
[analytics] trait_assigned { traitId: 'green_shoot', visible: true }
[analytics] trait_assigned { traitId: 'grave_touched', visible: false }
[analytics] run_started { seed: 105, runNumber: 1, visibleTrait: 'obsessive' }
[analytics] trait_assigned { traitId: 'obsessive', visible: true }
[analytics] trait_assigned { traitId: 'frail_body', visible: false }
[analytics] run_started { seed: 106, runNumber: 1, visibleTrait: 'crystalline_will' }
[analytics] trait_assigned { traitId: 'crystalline_will', visible: true }
[analytics] trait_assigned { traitId: 'second_skin', visible: false }
[analytics] run_started { seed: 107, runNumber: 1, visibleTrait: 'green_shoot' }
[analytics] trait_assigned { traitId: 'green_shoot', visible: true }
[analytics] trait_assigned { traitId: 'pilgrim_heart', visible: false }
[analytics] run_started { seed: 108, runNumber: 1, visibleTrait: 'saint_eater' }
[analytics] trait_assigned { traitId: 'saint_eater', visible: true }
[analytics] trait_assigned { traitId: 'second_skin', visible: false }
[analytics] dungeon_started { dungeonId: 'abandoned_chapel', cost: 10, completesAt: 1060 }
[analytics] alignment_shifted { dungeonId: 'abandoned_chapel', delta: 5, newValue: 5 }
[analytics] item_found { itemId: 'copper_tallyblade', dungeonId: 'abandoned_chapel' }
[analytics] dungeon_completed {
  dungeonId: 'abandoned_chapel',
  outcome: 'success',
  lootCount: 1,
  gold: 18,
  essence: 3
}
[analytics] dungeon_started { dungeonId: 'abandoned_chapel', cost: 10, completesAt: 1460 }
[analytics] alignment_shifted { dungeonId: 'abandoned_chapel', delta: 5, newValue: 10 }
[analytics] item_found { itemId: 'luckspun_tabard', dungeonId: 'abandoned_chapel' }
[analytics] item_found { itemId: 'pilgrim_vestments', dungeonId: 'abandoned_chapel' }
[analytics] dungeon_completed {
  dungeonId: 'abandoned_chapel',
  outcome: 'success',
  lootCount: 2,
  gold: 13,
  essence: 2
}
[analytics] dungeon_started { dungeonId: 'abandoned_chapel', cost: 10, completesAt: 1860 }
[analytics] alignment_shifted { dungeonId: 'abandoned_chapel', delta: 5, newValue: 15 }
[analytics] item_found { itemId: 'chapel_token', dungeonId: 'abandoned_chapel' }
[analytics] item_found { itemId: 'pilgrim_vestments', dungeonId: 'abandoned_chapel' }
[analytics] dungeon_completed {
  dungeonId: 'abandoned_chapel',
  outcome: 'success',
  lootCount: 2,
  gold: 16,
  essence: 1
}
[analytics] dungeon_started { dungeonId: 'abandoned_chapel', cost: 10, completesAt: 2260 }
[analytics] alignment_shifted { dungeonId: 'abandoned_chapel', delta: 5, newValue: 20 }
[analytics] item_found { itemId: 'broker_harness', dungeonId: 'abandoned_chapel' }
[analytics] dungeon_completed {
  dungeonId: 'abandoned_chapel',
  outcome: 'success',
  lootCount: 1,
  gold: 14,
  essence: 3
}
[analytics] dungeon_started { dungeonId: 'abandoned_chapel', cost: 10, completesAt: 2660 }
[analytics] alignment_shifted { dungeonId: 'abandoned_chapel', delta: 5, newValue: 25 }
[analytics] item_found { itemId: 'copper_tallyblade', dungeonId: 'abandoned_chapel' }
[analytics] item_found { itemId: 'chapel_token', dungeonId: 'abandoned_chapel' }
[analytics] dungeon_completed {
  dungeonId: 'abandoned_chapel',
  outcome: 'success',
  lootCount: 2,
  gold: 12,
  essence: 4
}
[analytics] dungeon_started { dungeonId: 'abandoned_chapel', cost: 10, completesAt: 3060 }
[analytics] alignment_shifted { dungeonId: 'abandoned_chapel', delta: 5, newValue: 30 }
[analytics] item_found { itemId: 'pilgrim_vestments', dungeonId: 'abandoned_chapel' }
[analytics] item_found { itemId: 'sanctum_mail', dungeonId: 'abandoned_chapel' }
[analytics] dungeon_completed {
  dungeonId: 'abandoned_chapel',
  outcome: 'success',
  lootCount: 2,
  gold: 10,
  essence: 2
}
[analytics] dungeon_started { dungeonId: 'abandoned_chapel', cost: 10, completesAt: 3460 }
[analytics] alignment_shifted { dungeonId: 'abandoned_chapel', delta: 5, newValue: 35 }
[analytics] item_found { itemId: 'chapel_mace', dungeonId: 'abandoned_chapel' }
[analytics] dungeon_completed {
  dungeonId: 'abandoned_chapel',
  outcome: 'success',
  lootCount: 1,
  gold: 15,
  essence: 2
}
[analytics] dungeon_started { dungeonId: 'abandoned_chapel', cost: 10, completesAt: 3860 }
[analytics] alignment_shifted { dungeonId: 'abandoned_chapel', delta: 5, newValue: 40 }
[analytics] item_found { itemId: 'broker_harness', dungeonId: 'abandoned_chapel' }
[analytics] dungeon_completed {
  dungeonId: 'abandoned_chapel',
  outcome: 'success',
  lootCount: 1,
  gold: 10,
  essence: 3
}
[analytics] dungeon_started { dungeonId: 'abandoned_chapel', cost: 10, completesAt: 4260 }
[analytics] alignment_shifted { dungeonId: 'abandoned_chapel', delta: 5, newValue: 45 }
[analytics] item_found { itemId: 'pilgrim_vestments', dungeonId: 'abandoned_chapel' }
[analytics] item_found { itemId: 'copper_tallyblade', dungeonId: 'abandoned_chapel' }
[analytics] dungeon_completed {
  dungeonId: 'abandoned_chapel',
  outcome: 'success',
  lootCount: 2,
  gold: 18,
  essence: 4
}
[analytics] dungeon_started { dungeonId: 'abandoned_chapel', cost: 10, completesAt: 4660 }
[analytics] alignment_shifted { dungeonId: 'abandoned_chapel', delta: 5, newValue: 50 }
[analytics] item_found { itemId: 'lamp_lance', dungeonId: 'abandoned_chapel' }
[analytics] item_found { itemId: 'chapel_mace', dungeonId: 'abandoned_chapel' }
[analytics] dungeon_completed {
  dungeonId: 'abandoned_chapel',
  outcome: 'success',
  lootCount: 2,
  gold: 11,
  essence: 3
}
[analytics] run_started { seed: 123, runNumber: 1, visibleTrait: 'grave_touched' }
[analytics] trait_assigned { traitId: 'grave_touched', visible: true }
[analytics] trait_assigned { traitId: 'saint_eater', visible: false }
[analytics] run_started { seed: 123, runNumber: 1, visibleTrait: 'grave_touched' }
[analytics] trait_assigned { traitId: 'grave_touched', visible: true }
[analytics] trait_assigned { traitId: 'saint_eater', visible: false }
Γ£ö avatar derivation and svg output are deterministic (7.4232ms)
Γ£ö holy and worn states visibly diverge in resolved state (0.2065ms)
Γ£ö svg rasterization is deterministic and transparent-friendly (211.6664ms)
Γ£ö atlas export returns deterministic frame placement (115.0083ms)
Γ£ö run adapter builds avatar input from current run state (1.5208ms)
Γ£ö avatar generator files do not use Math.random (0.8399ms)
Γ£ö same seed generates identical starting traits (0.381ms)
Γ£ö same seed yields identical dungeon outcome and loot (1.3269ms)
Γ£ö same seed and policy produce identical headless final scores (12.2505ms)
Γ£ö evaluated score is deterministic for the same final run (6.3691ms)
Γ£ö short offline interval applies job income and vitality decay once (0.2834ms)
Γ£ö medium offline interval completes a dungeon exactly once (0.2689ms)
Γ£ö long offline interval is clamped (0.1917ms)
Γ£ö START_NEW_RUN is deterministic and does not mutate prior state (0.2017ms)
Γ£ö TICK applies deterministic income and lifespan decay without mutation (0.1886ms)
Γ£ö UNLOCK_JOB and UNLOCK_DUNGEON spend ash through the reducer (0.1587ms)
Γ£ö START_DUNGEON and COMPLETE_DUNGEON are predictable and immutable (0.2756ms)
Γ£ö EQUIP_ITEM and UNEQUIP_ITEM update slots predictably (0.1455ms)
Γ£ö UNLOCK_TALENT spends essence and appends the node (0.1659ms)
Γ£ö CLAIM_DEATH archives traits and clears the run (0.2968ms)
Γ£ö CLAIM_DEATH is ignored while the run is still alive (0.2189ms)
Γ£ö RECONCILE_OFFLINE routes through the reducer predictably (0.1188ms)
Γ£ö active job modifiers are included in computed stats (0.1237ms)
Γ£ö goldRate affects live job income (0.134ms)
Γ£ö essenceRate affects live job income (0.1484ms)
Γ£ö holy affinity improves dungeon score for matching delves (0.1015ms)
Γ£ö age-based hidden trait reveals are applied during tick (0.1421ms)
Γ£ö alignment-based hidden trait reveals are applied on dungeon completion (0.1879ms)
Γ£ö trait evolves when ageReached trigger fires during TICK (0.175ms)
Γ£ö discoveryMomentum accumulates during TICK (0.1293ms)
Γ£ö CHOOSE_LEGACY_PATH sets meta.legacyPath and cannot be overwritten (0.1326ms)
Γ£ö PURCHASE_LEGACY_PERK deducts ash and records the perk (0.1056ms)
Γ£ö UNLOCK_JOB with traitDiscovered requirement is gated correctly (0.0551ms)
Γ£û runLog respects the 50-entry cap (2.4159ms)
Γ£ö death_warning log entries are emitted when vitality crosses 20 and 10 (0.2025ms)
Γ£ö runLog entries have correct structure (kind, message, timestampSec) (0.2873ms)
Γ£ö new knowledge talents unlock correctly and have correct costs (0.3166ms)
Γ£ö new late-game dungeons exist with correct unlock costs (0.259ms)
Γ£ö new traits (hollow_king, second_skin, ledger_of_names, sorrow_herald) exist (0.254ms)
Γ£ö new items (legendary + rare) exist in registry (0.2185ms)
Γ£ö hollow_king evolves at ageReached 400 (0.1464ms)
Γ£ö second_skin reveal rule triggers at ageReached 300 (0.0984ms)
Γ£ö sorrow_herald reveal rule triggers at alignment <= -40 (0.0933ms)
Γ£ö resources never go negative after TICK (0.0722ms)
Γ£ö vitality stays within [0, 100] bounds (0.5186ms)
Γ£ö alignment stays within [-100, 100] (0.6813ms)
Γ£ö migrateSave upgrades older versions without crashing (0.1947ms)
Γ£ö parseSave rejects unsupported future versions and tolerates old or missing ones (0.069ms)
Γ£ö parseSave drops structurally invalid active runs (0.0462ms)
Γ£ö parseSave normalizes salvageable active run fields (0.2354ms)
Γ£ö loadFromStorage does not crash on invalid payloads (0.0585ms)
Γ£ö LocalArrayAnalyticsSink records deterministic sequence numbers (0.0523ms)
Γ£ö freshSave always uses current save version (0.0237ms)
Γ£ö v2-to-v3 migration adds legacyPath, legacyPerks defaults to meta (0.0427ms)
Γ£ö v2-to-v3 migration adds evolvedTraitIds, discoveryMomentum, activeLegacyPerkIds to run (0.1623ms)
Γ£ö batch simulation is stable for the same seed window (26.7053ms)
Γ£ö core and sim contain no Phaser imports (1.426ms)
Γ£ö UI layers do not emit analytics events directly (1.4584ms)
Γä╣ tests 58
Γä╣ suites 0
Γä╣ pass 57
Γä╣ fail 1
Γä╣ cancelled 0
Γä╣ skipped 0
Γä╣ todo 0
Γä╣ duration_ms 434.7384

Γ£û failing tests:

test at tests\unit\reducer.test.cjs:364:1
Γ£û runLog respects the 50-entry cap (2.4159ms)
  AssertionError [ERR_ASSERTION]: Expected values to be strictly equal:
  
  38 !== 50
  
      at TestContext.<anonymous> (C:\Users\Nikolay\Code\IdleDungeonLife\tests\unit\reducer.test.cjs:382:10)
      at Test.runInAsyncScope (node:async_hooks:214:14)
      at Test.run (node:internal/test_runner/test:1106:25)
      at Test.processPendingSubtests (node:internal/test_runner/test:788:18)
      at Test.postRun (node:internal/test_runner/test:1235:19)
      at Test.run (node:internal/test_runner/test:1163:12)
      at async Test.processPendingSubtests (node:internal/test_runner/test:788:7) {
    generatedMessage: true,
    code: 'ERR_ASSERTION',
    actual: 38,
    expected: 50,
    operator: 'strictEqual',
    diff: 'simple'
  }
node : Command failed: C:\Program Files\nodejs\node.exe --test 
--test-concurrency=1 --test-isolation=none 
tests\unit\avatar-generator.test.cjs tests\unit\determinism.test.cjs 
tests\unit\offline.test.cjs tests\unit\reducer.test.cjs 
tests\unit\save-and-analytics.test.cjs 
tests\unit\simulation-and-architecture.test.cjs
At line:1 char:1
+ node scripts/run-unit-tests.mjs 2>&1 > test-output.txt ; cat test-out ...
+ ~~~~~~~~~~~~~~~~~~~~~~~~~~~~~~~~~~~~~~~~~~~~~~~~~~~~~~
    + CategoryInfo          : NotSpecified: (Command failed:...ecture.test.cjs 
   :String) [], RemoteException
    + FullyQualifiedErrorId : NativeCommandError
 
